<?php

namespace App\Application\Hr\Queries\Filters;

use App\Application\Shared\Filters\QueryFilter;
use Illuminate\Database\Eloquent\Builder;
use Illuminate\Http\Request;


class EmployeeFilter extends QueryFilter
{
    /**
     * @var array<int, string>
     */
    protected array $allowedIncludes = [        'department',
        'contracts',
    ];

    /**
     * @var array<int, string>
     */
    protected array $allowedSorts = [        'id',
        'first_name',
        'last_name',
        'email',
        'salary',
        'active',
        'department_id',
        'hired_at',
        'created_at',
        'updated_at',
    ];

    /**
     * @var array<string, string>
     */
    protected array $defaultSort = [
        'column' => 'id',
        'direction' => 'asc',
    ];

    /**
     * @var array<int, string>
     */
    protected array $searchable = [        'first_name',
        'last_name',
        'email',
    ];

    protected function filterSearch(string $value): void
    {
        $this->builder->where(function (Builder $query) use ($value): void {
            foreach ($this->searchable as $column) {
                $query->orWhere($column, 'like', "%{$value}%");
            }
        });
    }

    protected function applyAdditional(Request $request): void
    {
        // TODO: agregar filtros espec√≠ficos del dominio aprovechando $request
    }
}
